bun.exe : $ tsc --noEmit && node scripts/next-build.js
At C:\Users\chris\AppData\Roaming\npm\bun.ps1:14 char:3
+   & "$basedir/node_modules/bun/bin/bun.exe"   $args
+   ~~~~~~~~~~~~~~~~~~~~~~~~~~~~~~~~~~~~~~~~~~~~~~~~~
    + CategoryInfo          : NotSpecified: ($ tsc --noEmit ...s/next-build.js:String) [], RemoteException
    + FullyQualifiedErrorId : NativeCommandError
 
  Γû▓ Next.js 14.2.35
  - Environments: .env.local
  - Experiments (use with caution):
    ┬╖ cpus
    ┬╖ workerThreads

   Creating an optimized production build ...
> [PWA] PWA support is disabled
> [PWA] PWA support is disabled
 Γ£ô Compiled successfully
   Skipping validation of types
   Skipping linting
   Collecting page data ...

> Build error occurred
Error: ENOENT: no such file or directory, open 
'C:\Users\chris\college\internship\platform\.next-win\server\pages-manifest.json'
    at async open (node:internal/fs/promises:636:25)
    at async Object.readFile (node:internal/fs/promises:1235:14)
    at async readManifest (C:\Users\chris\college\internship\platform\node_modules\next\dist\build\index.js:165:23)
    at async C:\Users\chris\college\internship\platform\node_modules\next\dist\build\index.js:1043:35
    at async Span.traceAsyncFn 
(C:\Users\chris\college\internship\platform\node_modules\next\dist\trace\trace.js:154:20)
    at async build (C:\Users\chris\college\internship\platform\node_modules\next\dist\build\index.js:368:9) {
  errno: -4058,
  code: 'ENOENT',
  syscall: 'open',
  path: 'C:\\Users\\chris\\college\\internship\\platform\\.next-win\\server\\pages-manifest.json'
}
Error: Next.js build failed with exit code 1.
    at ChildProcess.<anonymous> (C:\Users\chris\college\internship\platform\scripts\next-build.js:71:12)
    at ChildProcess.emit (node:events:519:28)
    at ChildProcess._handle.onexit (node:internal/child_process:293:12)
error: script "build" exited with code 1
